14:49:12 **** Incremental Build of configuration Debug for project stm32f4xx_driver ****
make -j8 all 
arm-none-eabi-gcc "../Src/main.c" -mcpu=cortex-m4 -std=gnu11 -g3 -DNUCLEO_F411RE -DSTM32 -DSTM32F4 -DSTM32F411RETx -DDEBUG -c -I"F:/Embedded/EmbedMasterCourse/MCU1/target/stm32f4xx_driver/drivers/Inc" -I../Inc -O0 -ffunction-sections -fdata-sections -Wall -fstack-usage -MMD -MP -MF"Src/main.d" -MT"Src/main.o" --specs=nano.specs -mfpu=fpv4-sp-d16 -mfloat-abi=hard -mthumb -o "Src/main.o"
arm-none-eabi-gcc -o "stm32f4xx_driver.elf" @"objects.list"   -mcpu=cortex-m4 -T"F:\Embedded\EmbedMasterCourse\MCU1\target\stm32f4xx_driver\STM32F411RETX_FLASH.ld" --specs=nosys.specs -Wl,-Map="stm32f4xx_driver.map" -Wl,--gc-sections -static --specs=nano.specs -mfpu=fpv4-sp-d16 -mfloat-abi=hard -mthumb -Wl,--start-group -lc -lm -Wl,--end-group
Finished building target: stm32f4xx_driver.elf
 
arm-none-eabi-objdump -h -S  stm32f4xx_driver.elf  > "stm32f4xx_driver.list"
arm-none-eabi-objcopy  -O binary  stm32f4xx_driver.elf  "stm32f4xx_driver.bin"
arm-none-eabi-size   stm32f4xx_driver.elf 
   text	   data	    bss	    dec	    hex	filename
    660	      8	   1568	   2236	    8bc	stm32f4xx_driver.elf
Finished building: default.size.stdout
 
Finished building: stm32f4xx_driver.list
Finished building: stm32f4xx_driver.bin
 
 

14:49:15 Build Finished. 0 errors, 0 warnings. (took 2s.419ms)

